[themehelite.com/themeforest/wave/index-light-v2.html]
[backblue.gif]
[fade.gif]
[index.html]
[themehelite.com/themeforest/wave/css/style-light-v2.css]
[themehelite.com/themeforest/wave/js/modernizr.custom.js]
[themehelite.com/themeforest/wave/img/logo-light.png]
[themehelite.com/themeforest/wave/img/slide-1.jpg]
[themehelite.com/themeforest/wave/img/slide-2.jpg]
[themehelite.com/themeforest/wave/img/slide-3.jpg]
[themehelite.com/themeforest/wave/img/slide-4.jpg]
[themehelite.com/themeforest/wave/img/slide-5.jpg]
[themehelite.com/themeforest/wave/img/slide-6.jpg]
[cdnjs.cloudflare.com/ajax/libs/jquery-easing/1.3/jquery.easing.min.js]
[code.jquery.com/jquery-1.12.3.min.js]
[themehelite.com/themeforest/wave/js/jquery.ba-cond.min.js]
[themehelite.com/themeforest/wave/js/jquery.slitslider.js]
[themehelite.com/themeforest/wave/js/notifyMe.js]
[maxcdn.bootstrapcdn.com/bootstrap/3.3.6/js/bootstrap.min.js]
[themehelite.com/themeforest/wave/js/contact-me.js]
[themehelite.com/themeforest/wave/js/classie.js]
[themehelite.com/themeforest/wave/js/dialogFx.js]
[themehelite.com/themeforest/wave/js/photoswipe-ui-default.js]
[themehelite.com/themeforest/wave/js/jquery.countdown.js]
[themehelite.com/themeforest/wave/js/main.js]
[www.google-analytics.com/analytics.js]
[themehelite.com/themeforest/wave/js/photoswipe.js]
[themehelite.com/themeforest/wave/js/jquery.mCustomScrollbar.js]
[themehelite.com/themeforest/wave/index-light-v2.html]
[themehelite.com/themeforest/wave/css/font-awesome.min.css]
[themehelite.com/themeforest/wave/css/ionicons.min.css]
[themehelite.com/themeforest/wave/css/bootstrap.min.css]
[themehelite.com/themeforest/wave/css/animate.css]
[themehelite.com/themeforest/wave/css/photoswipe.css]
[themehelite.com/themeforest/wave/css/default-skin/default-skin.css]
[themehelite.com/themeforest/wave/css/jquery.mCustomScrollbar.css]
[themehelite.com/themeforest/wave/img/background-newsletter.jpg]
[themehelite.com/themeforest/wave/img/background-newsletter-inner.jpg]
[themehelite.com/themeforest/wave/css/style-light-v2.css]
[themehelite.com/themeforest/wave/fonts/fontawesome-webfont93e3.eot]
[themehelite.com/themeforest/wave/fonts/fontawesome-webfontd41d.eot]
[themehelite.com/themeforest/wave/fonts/fontawesome-webfont93e3.woff]
[themehelite.com/themeforest/wave/fonts/fontawesome-webfont93e3.ttf]
[themehelite.com/themeforest/wave/css/font-awesome.min.css]
[themehelite.com/themeforest/wave/fonts/ionicons28b5.eot]
[themehelite.com/themeforest/wave/fonts/ionicons28b5.ttf]
[themehelite.com/themeforest/wave/fonts/ionicons28b5.woff]
[themehelite.com/themeforest/wave/css/ionicons.min.css]
[themehelite.com/themeforest/wave/css/bootstrap.min.css]
[themehelite.com/themeforest/wave/css/animate.css]
[themehelite.com/themeforest/wave/css/photoswipe.css]
[themehelite.com/themeforest/wave/css/default-skin/default-skin.png]
[themehelite.com/themeforest/wave/css/default-skin/preloader.gif]
[themehelite.com/themeforest/wave/css/default-skin/default-skin.css]
[themehelite.com/themeforest/wave/css/jquery.mCustomScrollbar.css]
[themehelite.com/themeforest/wave/fonts/fontawesome-webfont93e3.html]
[themehelite.com/themeforest/wave/fonts/fontawesome-webfont93e3.svg]
[themehelite.com/themeforest/wave/fonts/ionicons28b5.svg]
[themehelite.com/themeforest/wave/fonts/glyphicons-halflings-regular.html]
[themehelite.com/themeforest/wave/fonts/glyphicons-halflings-regulard41d.html]
[themehelite.com/themeforest/wave/fonts/glyphicons-halflings-regular-2.html]
[themehelite.com/themeforest/wave/fonts/glyphicons-halflings-regular-3.html]
[themehelite.com/themeforest/wave/fonts/glyphicons-halflings-regular-4.html]
[themehelite.com/themeforest/wave/fonts/glyphicons-halflings-regular-5.html]
[themehelite.com/themeforest/wave/css/default-skin/default-skin.svg]
[themehelite.com/themeforest/wave/css/mCSB_buttons.html]
