[br/themeforest/panorama/index.html]
[backblue.gif]
[fade.gif]
[index.html]
[br/themeforest/panorama/css/style.css]
[cdn.br/themeforest/panorama/js/modernizr.custom.js]
[br/themeforest/panorama/img/vertical-gallery-1.jpg]
[br/themeforest/panorama/img/vertical-gallery-2.jpg]
[br/themeforest/panorama/img/vertical-gallery-3.jpg]
[br/themeforest/panorama/img/vertical-gallery-4.jpg]
[cdn.br/themeforest/panorama/img/about-1.jpg]
[cdn.br/themeforest/panorama/img/about-2.jpg]
[cdn.br/themeforest/panorama/img/about-3.jpg]
[cdn.br/themeforest/panorama/img/client-1.png]
[cdn.br/themeforest/panorama/img/client-2.png]
[cdn.br/themeforest/panorama/img/client-3.png]
[cdn.br/themeforest/panorama/img/client-4.png]
[cdn.br/themeforest/panorama/js/jquery.easings.min.js]
[cdn.br/themeforest/panorama/js/bootstrap.min.js]
[cdn.br/themeforest/panorama/js/jquery.pagepiling.js]
[cdn.br/themeforest/panorama/js/jquery.min.js]
[cdn.br/themeforest/panorama/js/classie.js]
[cdn.br/themeforest/panorama/js/jquery.swipebox.js]
[cdn.br/themeforest/panorama/js/contact-me.js]
[cdn.br/themeforest/panorama/js/map.js]
[cdn.br/themeforest/panorama/js/jquery.mCustomScrollbar.js]
[cdn.br/themeforest/panorama/js/main.js]
[cdn.br/themeforest/panorama/js/jquery.mb.YTPlayer.js]
[www.google-analytics.com/analytics.js]
[br/themeforest/panorama/index.html]
[br/themeforest/panorama/css/font-awesome.min.css]
[br/themeforest/panorama/css/ionicons.min.css]
[br/themeforest/panorama/css/bootstrap.min.css]
[br/themeforest/panorama/css/animate.css]
[br/themeforest/panorama/css/swipebox.css]
[br/themeforest/panorama/css/jquery.mCustomScrollbar.css]
[br/themeforest/panorama/img/background-3.jpg]
[br/themeforest/panorama/img/background-3-1.jpg]
[br/themeforest/panorama/img/background-3-2.jpg]
[br/themeforest/panorama/img/background-1.jpg]
[br/themeforest/panorama/img/background-2.jpg]
[br/themeforest/panorama/img/background-4.jpg]
[br/themeforest/panorama/img/background-5.jpg]
[br/themeforest/panorama/img/background-6.jpg]
[br/themeforest/panorama/img/background-7.jpg]
[br/themeforest/panorama/img/background-8.jpg]
[br/themeforest/panorama/img/background-9.jpg]
[br/themeforest/panorama/img/background-10.jpg]
[br/themeforest/panorama/css/style.css]
[cdn.br/themeforest/panorama/img/about-1.jpg]
[cdn.br/themeforest/panorama/js/dialogFx.js]
[br/themeforest/panorama/fonts/fontawesome-webfont5b62.eot]
[br/themeforest/panorama/fonts/fontawesome-webfontd41d.eot]
[br/themeforest/panorama/fonts/fontawesome-webfont5b62.woff]
[br/themeforest/panorama/fonts/fontawesome-webfont5b62.ttf]
[br/themeforest/panorama/css/font-awesome.min.css]
[br/themeforest/panorama/fonts/ionicons790f.eot]
[br/themeforest/panorama/fonts/ionicons790f.ttf]
[br/themeforest/panorama/fonts/ionicons790f.woff]
[br/themeforest/panorama/css/ionicons.min.css]
[br/themeforest/panorama/css/bootstrap.min.css]
[br/themeforest/panorama/css/animate.css]
[br/themeforest/panorama/css/swipebox.css]
[br/themeforest/panorama/css/jquery.mCustomScrollbar.css]
[br/themeforest/panorama/css/jquery.pagepiling.css]
[br/themeforest/panorama/fonts/fontawesome-webfont5b62.html]
[br/themeforest/panorama/fonts/fontawesome-webfont5b62.svg]
[br/themeforest/panorama/fonts/ionicons790f.svg]
[br/themeforest/panorama/fonts/glyphicons-halflings-regular.html]
[br/themeforest/panorama/fonts/glyphicons-halflings-regulard41d.html]
[br/themeforest/panorama/fonts/glyphicons-halflings-regular-2.html]
[br/themeforest/panorama/fonts/glyphicons-halflings-regular-3.html]
[br/themeforest/panorama/fonts/glyphicons-halflings-regular-4.html]
[br/themeforest/panorama/fonts/glyphicons-halflings-regular-5.html]
[br/themeforest/panorama/img/loader.html]
[br/themeforest/panorama/css/mCSB_buttons.html]
